// Jest Snapshot v1, https://goo.gl/fbAQLP

exports[`FileStatsBar renders correctly with streaming label 1`] = `
<View
  style={
    {
      "alignItems": "center",
      "borderRadius": 4,
      "flexDirection": "row",
      "gap": 16,
      "height": 20,
      "paddingHorizontal": 8,
    }
  }
>
  <View
    style={
      {
        "flex": 1,
        "flexDirection": "row",
      }
    }
  >
    <RNSVGSvgView
      align="xMidYMid"
      bbHeight={20}
      bbWidth={20}
      color="blue"
      fill="blue"
      focusable={false}
      height={20}
      meetOrSlice={0}
      minX={0}
      minY={0}
      style={
        [
          {
            "backgroundColor": "transparent",
            "borderWidth": 0,
          },
          {
            "marginRight": 4,
          },
          {
            "flex": 0,
            "height": 20,
            "width": 20,
          },
        ]
      }
      testID="svg-icon-liveSpace"
      tintColor="blue"
      vbHeight={20}
      vbWidth={21}
      width={20}
      xml="<svg width="21" height="20" viewBox="0 0 21 20" fill="none" xmlns="http://www.w3.org/2000/svg"><path d="M13.676 10a3.125 3.125 0 1 1-6.25 0 3.125 3.125 0 0 1 6.25 0m3.125 0a6.23 6.23 0 0 0-1.591-4.166.625.625 0 1 0-.932.833 5 5 0 0 1 0 6.667.626.626 0 0 0 .932.833A6.23 6.23 0 0 0 16.8 10M6.824 6.667a.625.625 0 1 0-.932-.833 6.245 6.245 0 0 0 0 8.333.625.625 0 0 0 .932-.833 4.996 4.996 0 0 1 0-6.667m12.365-.312a9.3 9.3 0 0 0-1.942-2.917.626.626 0 1 0-.892.875 8.117 8.117 0 0 1 0 11.371.626.626 0 1 0 .892.879A9.385 9.385 0 0 0 19.19 6.35zM3.064 13.162a8.12 8.12 0 0 1 1.683-8.848.625.625 0 1 0-.892-.876 9.365 9.365 0 0 0 0 13.125.625.625 0 1 0 .892-.875 8.1 8.1 0 0 1-1.683-2.526" fill="currentColor"/></svg>"
      xmlns="http://www.w3.org/2000/svg"
    >
      <RNSVGGroup
        fill={
          {
            "payload": 4278190335,
            "type": 0,
          }
        }
        propList={
          [
            "fill",
          ]
        }
      >
        <RNSVGPath
          d="M13.676 10a3.125 3.125 0 1 1-6.25 0 3.125 3.125 0 0 1 6.25 0m3.125 0a6.23 6.23 0 0 0-1.591-4.166.625.625 0 1 0-.932.833 5 5 0 0 1 0 6.667.626.626 0 0 0 .932.833A6.23 6.23 0 0 0 16.8 10M6.824 6.667a.625.625 0 1 0-.932-.833 6.245 6.245 0 0 0 0 8.333.625.625 0 0 0 .932-.833 4.996 4.996 0 0 1 0-6.667m12.365-.312a9.3 9.3 0 0 0-1.942-2.917.626.626 0 1 0-.892.875 8.117 8.117 0 0 1 0 11.371.626.626 0 1 0 .892.879A9.385 9.385 0 0 0 19.19 6.35zM3.064 13.162a8.12 8.12 0 0 1 1.683-8.848.625.625 0 1 0-.892-.876 9.365 9.365 0 0 0 0 13.125.625.625 0 1 0 .892-.875 8.1 8.1 0 0 1-1.683-2.526"
          fill={
            {
              "type": 2,
            }
          }
          propList={
            [
              "fill",
            ]
          }
        />
      </RNSVGGroup>
    </RNSVGSvgView>
    <Text
      style={
        {
          "color": "#26D2E8",
          "fontFamily": "OpenSans-SemiBold",
          "fontSize": 13,
          "includeFontPadding": false,
        }
      }
    >
      Streaming
    </Text>
  </View>
  <View
    style={
      {
        "flexDirection": "row",
      }
    }
  >
    <RNSVGSvgView
      align="xMidYMid"
      bbHeight={16}
      bbWidth={16}
      color="white"
      fill="white"
      focusable={false}
      height={16}
      meetOrSlice={0}
      minX={0}
      minY={0}
      style={
        [
          {
            "backgroundColor": "transparent",
            "borderWidth": 0,
          },
          {
            "marginRight": 4,
          },
          {
            "flex": 0,
            "height": 16,
            "width": 16,
          },
        ]
      }
      testID="svg-icon-download"
      tintColor="white"
      vbHeight={24}
      vbWidth={24}
      width={16}
      xml="<svg fill="currentColor" height="24" viewBox="0 0 24 24" width="24" xmlns="http://www.w3.org/2000/svg"><path d="m20.8125 14.25v5.25c0 .3481-.1383.6819-.3844.9281-.2462.2461-.58.3844-.9281.3844h-15c-.3481 0-.68194-.1383-.92808-.3844-.24614-.2462-.38442-.58-.38442-.9281v-5.25c0-.1492.05926-.2923.16475-.3977.10549-.1055.24857-.1648.39775-.1648s.29226.0593.39775.1648c.10549.1054.16475.2485.16475.3977v5.25c0 .0497.01975.0974.05492.1326.03516.0351.08285.0549.13258.0549h15c.0497 0 .0974-.0198.1326-.0549.0351-.0352.0549-.0829.0549-.1326v-5.25c0-.1492.0593-.2923.1648-.3977.1054-.1055.2485-.1648.3977-.1648s.2923.0593.3977.1648c.1055.1054.1648.2485.1648.3977zm-9.21.3975c.1055.1053.2484.1645.3975.1645s.292-.0592.3975-.1645l3.75-3.75c.0994-.1066.1535-.2477.1509-.3934s-.0616-.2848-.1647-.3878c-.103-.1031-.2421-.16211-.3878-.16468s-.2868.05148-.3934.15088l-2.79 2.7891v-9.1416c0-.14918-.0593-.29226-.1648-.39775-.1054-.10549-.2485-.16475-.3977-.16475s-.2923.05926-.3977.16475c-.1055.10549-.1648.24857-.1648.39775v9.1416l-2.79-2.7891c-.10663-.0994-.24767-.15345-.39339-.15088-.14573.00257-.28477.06158-.38783.16468-.10306.103-.16209.2421-.16466.3878s.05152.2868.15088.3934z" fill="#fff"/></svg>
"
      xmlns="http://www.w3.org/2000/svg"
    >
      <RNSVGGroup
        fill={
          {
            "payload": 4294967295,
            "type": 0,
          }
        }
        propList={
          [
            "fill",
          ]
        }
      >
        <RNSVGPath
          d="m20.8125 14.25v5.25c0 .3481-.1383.6819-.3844.9281-.2462.2461-.58.3844-.9281.3844h-15c-.3481 0-.68194-.1383-.92808-.3844-.24614-.2462-.38442-.58-.38442-.9281v-5.25c0-.1492.05926-.2923.16475-.3977.10549-.1055.24857-.1648.39775-.1648s.29226.0593.39775.1648c.10549.1054.16475.2485.16475.3977v5.25c0 .0497.01975.0974.05492.1326.03516.0351.08285.0549.13258.0549h15c.0497 0 .0974-.0198.1326-.0549.0351-.0352.0549-.0829.0549-.1326v-5.25c0-.1492.0593-.2923.1648-.3977.1054-.1055.2485-.1648.3977-.1648s.2923.0593.3977.1648c.1055.1054.1648.2485.1648.3977zm-9.21.3975c.1055.1053.2484.1645.3975.1645s.292-.0592.3975-.1645l3.75-3.75c.0994-.1066.1535-.2477.1509-.3934s-.0616-.2848-.1647-.3878c-.103-.1031-.2421-.16211-.3878-.16468s-.2868.05148-.3934.15088l-2.79 2.7891v-9.1416c0-.14918-.0593-.29226-.1648-.39775-.1054-.10549-.2485-.16475-.3977-.16475s-.2923.05926-.3977.16475c-.1055.10549-.1648.24857-.1648.39775v9.1416l-2.79-2.7891c-.10663-.0994-.24767-.15345-.39339-.15088-.14573.00257-.28477.06158-.38783.16468-.10306.103-.16209.2421-.16466.3878s.05152.2868.15088.3934z"
          fill={
            {
              "payload": 4294967295,
              "type": 0,
            }
          }
          propList={
            [
              "fill",
            ]
          }
        />
      </RNSVGGroup>
    </RNSVGSvgView>
    <Text
      style={
        {
          "color": "#F7F8FA",
          "fontFamily": "OpenSans-SemiBold",
          "fontSize": 12,
          "includeFontPadding": false,
          "paddingHorizontal": 4,
          "textAlign": "center",
          "writingDirection": "ltr",
        }
      }
    >
      500 KB/s
    </Text>
  </View>
  <View
    style={
      {
        "flexDirection": "row",
      }
    }
  >
    <RNSVGSvgView
      align="xMidYMid"
      bbHeight={16}
      bbWidth={16}
      color="white"
      fill="white"
      focusable={false}
      height={16}
      meetOrSlice={0}
      minX={0}
      minY={0}
      style={
        [
          {
            "backgroundColor": "transparent",
            "borderWidth": 0,
          },
          {
            "marginRight": 4,
          },
          {
            "flex": 0,
            "height": 16,
            "width": 16,
          },
        ]
      }
      testID="svg-icon-upload"
      tintColor="white"
      vbHeight={24}
      vbWidth={24}
      width={16}
      xml="<svg fill="currentColor" height="24" viewBox="0 0 24 24" width="24" xmlns="http://www.w3.org/2000/svg"><path d="m20.8125 14.25v5.25c0 .3481-.1383.6819-.3844.9281-.2462.2461-.58.3844-.9281.3844h-15c-.3481 0-.68194-.1383-.92808-.3844-.24614-.2462-.38442-.58-.38442-.9281v-5.25c0-.1492.05926-.2923.16475-.3978.10549-.1054.24857-.1647.39775-.1647s.29226.0593.39775.1647c.10549.1055.16475.2486.16475.3978v5.25c0 .0497.01975.0974.05492.1326.03516.0351.08285.0549.13258.0549h15c.0497 0 .0974-.0198.1326-.0549.0351-.0352.0549-.0829.0549-.1326v-5.25c0-.1492.0593-.2923.1648-.3978.1054-.1054.2485-.1647.3977-.1647s.2923.0593.3977.1647c.1055.1055.1648.2486.1648.3978zm-12.165-6.35251 2.79-2.78906v9.14157c0 .1492.0593.2923.1648.3977.1054.1055.2485.1648.3977.1648s.2923-.0593.3977-.1648c.1055-.1054.1648-.2485.1648-.3977v-9.14157l2.79 2.78906c.1066.09936.2477.15346.3934.15088.1457-.00257.2848-.0616.3878-.16466.1031-.10306.1621-.2421.1647-.38783.0026-.14572-.0515-.28676-.1509-.39339l-3.75-3.75c-.1055-.10533-.2484-.1645-.3975-.1645s-.292.05917-.3975.1645l-3.75 3.75c-.09936.10663-.15345.24767-.15088.39339.00257.14573.0616.28477.16466.38783s.2421.16209.38783.16466c.14572.00258.28676-.05152.39339-.15088z" fill="#fff"/></svg>
"
      xmlns="http://www.w3.org/2000/svg"
    >
      <RNSVGGroup
        fill={
          {
            "payload": 4294967295,
            "type": 0,
          }
        }
        propList={
          [
            "fill",
          ]
        }
      >
        <RNSVGPath
          d="m20.8125 14.25v5.25c0 .3481-.1383.6819-.3844.9281-.2462.2461-.58.3844-.9281.3844h-15c-.3481 0-.68194-.1383-.92808-.3844-.24614-.2462-.38442-.58-.38442-.9281v-5.25c0-.1492.05926-.2923.16475-.3978.10549-.1054.24857-.1647.39775-.1647s.29226.0593.39775.1647c.10549.1055.16475.2486.16475.3978v5.25c0 .0497.01975.0974.05492.1326.03516.0351.08285.0549.13258.0549h15c.0497 0 .0974-.0198.1326-.0549.0351-.0352.0549-.0829.0549-.1326v-5.25c0-.1492.0593-.2923.1648-.3978.1054-.1054.2485-.1647.3977-.1647s.2923.0593.3977.1647c.1055.1055.1648.2486.1648.3978zm-12.165-6.35251 2.79-2.78906v9.14157c0 .1492.0593.2923.1648.3977.1054.1055.2485.1648.3977.1648s.2923-.0593.3977-.1648c.1055-.1054.1648-.2485.1648-.3977v-9.14157l2.79 2.78906c.1066.09936.2477.15346.3934.15088.1457-.00257.2848-.0616.3878-.16466.1031-.10306.1621-.2421.1647-.38783.0026-.14572-.0515-.28676-.1509-.39339l-3.75-3.75c-.1055-.10533-.2484-.1645-.3975-.1645s-.292.05917-.3975.1645l-3.75 3.75c-.09936.10663-.15345.24767-.15088.39339.00257.14573.0616.28477.16466.38783s.2421.16209.38783.16466c.14572.00258.28676-.05152.39339-.15088z"
          fill={
            {
              "payload": 4294967295,
              "type": 0,
            }
          }
          propList={
            [
              "fill",
            ]
          }
        />
      </RNSVGGroup>
    </RNSVGSvgView>
    <Text
      style={
        {
          "color": "#F7F8FA",
          "fontFamily": "OpenSans-SemiBold",
          "fontSize": 12,
          "includeFontPadding": false,
          "paddingHorizontal": 4,
          "textAlign": "center",
          "writingDirection": "ltr",
        }
      }
    >
      200 KB/s
    </Text>
  </View>
  <View
    style={
      {
        "flexDirection": "row",
      }
    }
  >
    <RNSVGSvgView
      align="xMidYMid"
      bbHeight={16}
      bbWidth={16}
      color="white"
      fill="white"
      focusable={false}
      height={16}
      meetOrSlice={0}
      minX={0}
      minY={0}
      style={
        [
          {
            "backgroundColor": "transparent",
            "borderWidth": 0,
          },
          {
            "marginRight": 4,
          },
          {
            "flex": 0,
            "height": 16,
            "width": 16,
          },
        ]
      }
      testID="svg-icon-usersThree"
      tintColor="white"
      vbHeight={24}
      vbWidth={24}
      width={16}
      xml="<svg xmlns="http://www.w3.org/2000/svg" width="24" height="24" viewBox="0 0 24 24" fill="currentColor"><path d="M22.838 13.95a.56.56 0 0 1-.788-.112A5.02 5.02 0 0 0 18 11.813a.563.563 0 0 1 0-1.126 2.437 2.437 0 1 0-2.36-3.046.563.563 0 0 1-1.09-.282 3.563 3.563 0 1 1 5.617 3.716 6.16 6.16 0 0 1 2.783 2.088.56.56 0 0 1-.113.787m-5.101 6.019a.562.562 0 1 1-.974.563 5.532 5.532 0 0 0-9.527 0 .564.564 0 0 1-1.054-.352.6.6 0 0 1 .08-.21 6.57 6.57 0 0 1 3.394-2.856 4.313 4.313 0 1 1 4.697 0 6.57 6.57 0 0 1 3.384 2.855M12 16.687a3.187 3.187 0 1 0 0-6.374 3.187 3.187 0 0 0 0 6.374M6.563 11.25A.56.56 0 0 0 6 10.688 2.437 2.437 0 1 1 8.36 7.64a.562.562 0 1 0 1.09-.282 3.562 3.562 0 1 0-5.617 3.716 6.16 6.16 0 0 0-2.783 2.089.562.562 0 1 0 .9.675A5.02 5.02 0 0 1 6 11.813a.563.563 0 0 0 .563-.563"/></svg>
"
      xmlns="http://www.w3.org/2000/svg"
    >
      <RNSVGGroup
        fill={
          {
            "payload": 4294967295,
            "type": 0,
          }
        }
        propList={
          [
            "fill",
          ]
        }
      >
        <RNSVGPath
          d="M22.838 13.95a.56.56 0 0 1-.788-.112A5.02 5.02 0 0 0 18 11.813a.563.563 0 0 1 0-1.126 2.437 2.437 0 1 0-2.36-3.046.563.563 0 0 1-1.09-.282 3.563 3.563 0 1 1 5.617 3.716 6.16 6.16 0 0 1 2.783 2.088.56.56 0 0 1-.113.787m-5.101 6.019a.562.562 0 1 1-.974.563 5.532 5.532 0 0 0-9.527 0 .564.564 0 0 1-1.054-.352.6.6 0 0 1 .08-.21 6.57 6.57 0 0 1 3.394-2.856 4.313 4.313 0 1 1 4.697 0 6.57 6.57 0 0 1 3.384 2.855M12 16.687a3.187 3.187 0 1 0 0-6.374 3.187 3.187 0 0 0 0 6.374M6.563 11.25A.56.56 0 0 0 6 10.688 2.437 2.437 0 1 1 8.36 7.64a.562.562 0 1 0 1.09-.282 3.562 3.562 0 1 0-5.617 3.716 6.16 6.16 0 0 0-2.783 2.089.562.562 0 1 0 .9.675A5.02 5.02 0 0 1 6 11.813a.563.563 0 0 0 .563-.563"
          fill={
            {
              "payload": 4278190080,
              "type": 0,
            }
          }
        />
      </RNSVGGroup>
    </RNSVGSvgView>
    <Text
      style={
        {
          "color": "#F7F8FA",
          "fontFamily": "OpenSans-SemiBold",
          "fontSize": 12,
          "includeFontPadding": false,
          "paddingHorizontal": 4,
          "textAlign": "center",
          "writingDirection": "ltr",
        }
      }
    >
      5
    </Text>
  </View>
</View>
`;

exports[`FileStatsBar renders correctly without streaming label 1`] = `
<View
  style={
    {
      "alignItems": "center",
      "borderRadius": 4,
      "flexDirection": "row",
      "gap": 16,
      "height": 20,
      "paddingHorizontal": 8,
    }
  }
>
  <View
    style={
      {
        "flex": 1,
        "flexDirection": "row",
      }
    }
  />
  <View
    style={
      {
        "flexDirection": "row",
      }
    }
  >
    <RNSVGSvgView
      align="xMidYMid"
      bbHeight={16}
      bbWidth={16}
      color="white"
      fill="white"
      focusable={false}
      height={16}
      meetOrSlice={0}
      minX={0}
      minY={0}
      style={
        [
          {
            "backgroundColor": "transparent",
            "borderWidth": 0,
          },
          {
            "marginRight": 4,
          },
          {
            "flex": 0,
            "height": 16,
            "width": 16,
          },
        ]
      }
      testID="svg-icon-download"
      tintColor="white"
      vbHeight={24}
      vbWidth={24}
      width={16}
      xml="<svg fill="currentColor" height="24" viewBox="0 0 24 24" width="24" xmlns="http://www.w3.org/2000/svg"><path d="m20.8125 14.25v5.25c0 .3481-.1383.6819-.3844.9281-.2462.2461-.58.3844-.9281.3844h-15c-.3481 0-.68194-.1383-.92808-.3844-.24614-.2462-.38442-.58-.38442-.9281v-5.25c0-.1492.05926-.2923.16475-.3977.10549-.1055.24857-.1648.39775-.1648s.29226.0593.39775.1648c.10549.1054.16475.2485.16475.3977v5.25c0 .0497.01975.0974.05492.1326.03516.0351.08285.0549.13258.0549h15c.0497 0 .0974-.0198.1326-.0549.0351-.0352.0549-.0829.0549-.1326v-5.25c0-.1492.0593-.2923.1648-.3977.1054-.1055.2485-.1648.3977-.1648s.2923.0593.3977.1648c.1055.1054.1648.2485.1648.3977zm-9.21.3975c.1055.1053.2484.1645.3975.1645s.292-.0592.3975-.1645l3.75-3.75c.0994-.1066.1535-.2477.1509-.3934s-.0616-.2848-.1647-.3878c-.103-.1031-.2421-.16211-.3878-.16468s-.2868.05148-.3934.15088l-2.79 2.7891v-9.1416c0-.14918-.0593-.29226-.1648-.39775-.1054-.10549-.2485-.16475-.3977-.16475s-.2923.05926-.3977.16475c-.1055.10549-.1648.24857-.1648.39775v9.1416l-2.79-2.7891c-.10663-.0994-.24767-.15345-.39339-.15088-.14573.00257-.28477.06158-.38783.16468-.10306.103-.16209.2421-.16466.3878s.05152.2868.15088.3934z" fill="#fff"/></svg>
"
      xmlns="http://www.w3.org/2000/svg"
    >
      <RNSVGGroup
        fill={
          {
            "payload": 4294967295,
            "type": 0,
          }
        }
        propList={
          [
            "fill",
          ]
        }
      >
        <RNSVGPath
          d="m20.8125 14.25v5.25c0 .3481-.1383.6819-.3844.9281-.2462.2461-.58.3844-.9281.3844h-15c-.3481 0-.68194-.1383-.92808-.3844-.24614-.2462-.38442-.58-.38442-.9281v-5.25c0-.1492.05926-.2923.16475-.3977.10549-.1055.24857-.1648.39775-.1648s.29226.0593.39775.1648c.10549.1054.16475.2485.16475.3977v5.25c0 .0497.01975.0974.05492.1326.03516.0351.08285.0549.13258.0549h15c.0497 0 .0974-.0198.1326-.0549.0351-.0352.0549-.0829.0549-.1326v-5.25c0-.1492.0593-.2923.1648-.3977.1054-.1055.2485-.1648.3977-.1648s.2923.0593.3977.1648c.1055.1054.1648.2485.1648.3977zm-9.21.3975c.1055.1053.2484.1645.3975.1645s.292-.0592.3975-.1645l3.75-3.75c.0994-.1066.1535-.2477.1509-.3934s-.0616-.2848-.1647-.3878c-.103-.1031-.2421-.16211-.3878-.16468s-.2868.05148-.3934.15088l-2.79 2.7891v-9.1416c0-.14918-.0593-.29226-.1648-.39775-.1054-.10549-.2485-.16475-.3977-.16475s-.2923.05926-.3977.16475c-.1055.10549-.1648.24857-.1648.39775v9.1416l-2.79-2.7891c-.10663-.0994-.24767-.15345-.39339-.15088-.14573.00257-.28477.06158-.38783.16468-.10306.103-.16209.2421-.16466.3878s.05152.2868.15088.3934z"
          fill={
            {
              "payload": 4294967295,
              "type": 0,
            }
          }
          propList={
            [
              "fill",
            ]
          }
        />
      </RNSVGGroup>
    </RNSVGSvgView>
    <Text
      style={
        {
          "color": "#F7F8FA",
          "fontFamily": "OpenSans-SemiBold",
          "fontSize": 12,
          "includeFontPadding": false,
          "paddingHorizontal": 4,
          "textAlign": "center",
          "writingDirection": "ltr",
        }
      }
    >
      70 KB/s
    </Text>
  </View>
  <View
    style={
      {
        "flexDirection": "row",
      }
    }
  >
    <RNSVGSvgView
      align="xMidYMid"
      bbHeight={16}
      bbWidth={16}
      color="white"
      fill="white"
      focusable={false}
      height={16}
      meetOrSlice={0}
      minX={0}
      minY={0}
      style={
        [
          {
            "backgroundColor": "transparent",
            "borderWidth": 0,
          },
          {
            "marginRight": 4,
          },
          {
            "flex": 0,
            "height": 16,
            "width": 16,
          },
        ]
      }
      testID="svg-icon-upload"
      tintColor="white"
      vbHeight={24}
      vbWidth={24}
      width={16}
      xml="<svg fill="currentColor" height="24" viewBox="0 0 24 24" width="24" xmlns="http://www.w3.org/2000/svg"><path d="m20.8125 14.25v5.25c0 .3481-.1383.6819-.3844.9281-.2462.2461-.58.3844-.9281.3844h-15c-.3481 0-.68194-.1383-.92808-.3844-.24614-.2462-.38442-.58-.38442-.9281v-5.25c0-.1492.05926-.2923.16475-.3978.10549-.1054.24857-.1647.39775-.1647s.29226.0593.39775.1647c.10549.1055.16475.2486.16475.3978v5.25c0 .0497.01975.0974.05492.1326.03516.0351.08285.0549.13258.0549h15c.0497 0 .0974-.0198.1326-.0549.0351-.0352.0549-.0829.0549-.1326v-5.25c0-.1492.0593-.2923.1648-.3978.1054-.1054.2485-.1647.3977-.1647s.2923.0593.3977.1647c.1055.1055.1648.2486.1648.3978zm-12.165-6.35251 2.79-2.78906v9.14157c0 .1492.0593.2923.1648.3977.1054.1055.2485.1648.3977.1648s.2923-.0593.3977-.1648c.1055-.1054.1648-.2485.1648-.3977v-9.14157l2.79 2.78906c.1066.09936.2477.15346.3934.15088.1457-.00257.2848-.0616.3878-.16466.1031-.10306.1621-.2421.1647-.38783.0026-.14572-.0515-.28676-.1509-.39339l-3.75-3.75c-.1055-.10533-.2484-.1645-.3975-.1645s-.292.05917-.3975.1645l-3.75 3.75c-.09936.10663-.15345.24767-.15088.39339.00257.14573.0616.28477.16466.38783s.2421.16209.38783.16466c.14572.00258.28676-.05152.39339-.15088z" fill="#fff"/></svg>
"
      xmlns="http://www.w3.org/2000/svg"
    >
      <RNSVGGroup
        fill={
          {
            "payload": 4294967295,
            "type": 0,
          }
        }
        propList={
          [
            "fill",
          ]
        }
      >
        <RNSVGPath
          d="m20.8125 14.25v5.25c0 .3481-.1383.6819-.3844.9281-.2462.2461-.58.3844-.9281.3844h-15c-.3481 0-.68194-.1383-.92808-.3844-.24614-.2462-.38442-.58-.38442-.9281v-5.25c0-.1492.05926-.2923.16475-.3978.10549-.1054.24857-.1647.39775-.1647s.29226.0593.39775.1647c.10549.1055.16475.2486.16475.3978v5.25c0 .0497.01975.0974.05492.1326.03516.0351.08285.0549.13258.0549h15c.0497 0 .0974-.0198.1326-.0549.0351-.0352.0549-.0829.0549-.1326v-5.25c0-.1492.0593-.2923.1648-.3978.1054-.1054.2485-.1647.3977-.1647s.2923.0593.3977.1647c.1055.1055.1648.2486.1648.3978zm-12.165-6.35251 2.79-2.78906v9.14157c0 .1492.0593.2923.1648.3977.1054.1055.2485.1648.3977.1648s.2923-.0593.3977-.1648c.1055-.1054.1648-.2485.1648-.3977v-9.14157l2.79 2.78906c.1066.09936.2477.15346.3934.15088.1457-.00257.2848-.0616.3878-.16466.1031-.10306.1621-.2421.1647-.38783.0026-.14572-.0515-.28676-.1509-.39339l-3.75-3.75c-.1055-.10533-.2484-.1645-.3975-.1645s-.292.05917-.3975.1645l-3.75 3.75c-.09936.10663-.15345.24767-.15088.39339.00257.14573.0616.28477.16466.38783s.2421.16209.38783.16466c.14572.00258.28676-.05152.39339-.15088z"
          fill={
            {
              "payload": 4294967295,
              "type": 0,
            }
          }
          propList={
            [
              "fill",
            ]
          }
        />
      </RNSVGGroup>
    </RNSVGSvgView>
    <Text
      style={
        {
          "color": "#F7F8FA",
          "fontFamily": "OpenSans-SemiBold",
          "fontSize": 12,
          "includeFontPadding": false,
          "paddingHorizontal": 4,
          "textAlign": "center",
          "writingDirection": "ltr",
        }
      }
    >
      4 MB/s
    </Text>
  </View>
  <View
    style={
      {
        "flexDirection": "row",
      }
    }
  >
    <RNSVGSvgView
      align="xMidYMid"
      bbHeight={16}
      bbWidth={16}
      color="white"
      fill="white"
      focusable={false}
      height={16}
      meetOrSlice={0}
      minX={0}
      minY={0}
      style={
        [
          {
            "backgroundColor": "transparent",
            "borderWidth": 0,
          },
          {
            "marginRight": 4,
          },
          {
            "flex": 0,
            "height": 16,
            "width": 16,
          },
        ]
      }
      testID="svg-icon-usersThree"
      tintColor="white"
      vbHeight={24}
      vbWidth={24}
      width={16}
      xml="<svg xmlns="http://www.w3.org/2000/svg" width="24" height="24" viewBox="0 0 24 24" fill="currentColor"><path d="M22.838 13.95a.56.56 0 0 1-.788-.112A5.02 5.02 0 0 0 18 11.813a.563.563 0 0 1 0-1.126 2.437 2.437 0 1 0-2.36-3.046.563.563 0 0 1-1.09-.282 3.563 3.563 0 1 1 5.617 3.716 6.16 6.16 0 0 1 2.783 2.088.56.56 0 0 1-.113.787m-5.101 6.019a.562.562 0 1 1-.974.563 5.532 5.532 0 0 0-9.527 0 .564.564 0 0 1-1.054-.352.6.6 0 0 1 .08-.21 6.57 6.57 0 0 1 3.394-2.856 4.313 4.313 0 1 1 4.697 0 6.57 6.57 0 0 1 3.384 2.855M12 16.687a3.187 3.187 0 1 0 0-6.374 3.187 3.187 0 0 0 0 6.374M6.563 11.25A.56.56 0 0 0 6 10.688 2.437 2.437 0 1 1 8.36 7.64a.562.562 0 1 0 1.09-.282 3.562 3.562 0 1 0-5.617 3.716 6.16 6.16 0 0 0-2.783 2.089.562.562 0 1 0 .9.675A5.02 5.02 0 0 1 6 11.813a.563.563 0 0 0 .563-.563"/></svg>
"
      xmlns="http://www.w3.org/2000/svg"
    >
      <RNSVGGroup
        fill={
          {
            "payload": 4294967295,
            "type": 0,
          }
        }
        propList={
          [
            "fill",
          ]
        }
      >
        <RNSVGPath
          d="M22.838 13.95a.56.56 0 0 1-.788-.112A5.02 5.02 0 0 0 18 11.813a.563.563 0 0 1 0-1.126 2.437 2.437 0 1 0-2.36-3.046.563.563 0 0 1-1.09-.282 3.563 3.563 0 1 1 5.617 3.716 6.16 6.16 0 0 1 2.783 2.088.56.56 0 0 1-.113.787m-5.101 6.019a.562.562 0 1 1-.974.563 5.532 5.532 0 0 0-9.527 0 .564.564 0 0 1-1.054-.352.6.6 0 0 1 .08-.21 6.57 6.57 0 0 1 3.394-2.856 4.313 4.313 0 1 1 4.697 0 6.57 6.57 0 0 1 3.384 2.855M12 16.687a3.187 3.187 0 1 0 0-6.374 3.187 3.187 0 0 0 0 6.374M6.563 11.25A.56.56 0 0 0 6 10.688 2.437 2.437 0 1 1 8.36 7.64a.562.562 0 1 0 1.09-.282 3.562 3.562 0 1 0-5.617 3.716 6.16 6.16 0 0 0-2.783 2.089.562.562 0 1 0 .9.675A5.02 5.02 0 0 1 6 11.813a.563.563 0 0 0 .563-.563"
          fill={
            {
              "payload": 4278190080,
              "type": 0,
            }
          }
        />
      </RNSVGGroup>
    </RNSVGSvgView>
    <Text
      style={
        {
          "color": "#F7F8FA",
          "fontFamily": "OpenSans-SemiBold",
          "fontSize": 12,
          "includeFontPadding": false,
          "paddingHorizontal": 4,
          "textAlign": "center",
          "writingDirection": "ltr",
        }
      }
    >
      77
    </Text>
  </View>
</View>
`;

exports[`FileStatsBar renders correctly without streaming label prop 1`] = `
<View
  style={
    {
      "alignItems": "center",
      "borderRadius": 4,
      "flexDirection": "row",
      "gap": 16,
      "height": 20,
      "paddingHorizontal": 8,
    }
  }
>
  <View
    style={
      {
        "flex": 1,
        "flexDirection": "row",
      }
    }
  />
  <View
    style={
      {
        "flexDirection": "row",
      }
    }
  >
    <RNSVGSvgView
      align="xMidYMid"
      bbHeight={16}
      bbWidth={16}
      color="white"
      fill="white"
      focusable={false}
      height={16}
      meetOrSlice={0}
      minX={0}
      minY={0}
      style={
        [
          {
            "backgroundColor": "transparent",
            "borderWidth": 0,
          },
          {
            "marginRight": 4,
          },
          {
            "flex": 0,
            "height": 16,
            "width": 16,
          },
        ]
      }
      testID="svg-icon-download"
      tintColor="white"
      vbHeight={24}
      vbWidth={24}
      width={16}
      xml="<svg fill="currentColor" height="24" viewBox="0 0 24 24" width="24" xmlns="http://www.w3.org/2000/svg"><path d="m20.8125 14.25v5.25c0 .3481-.1383.6819-.3844.9281-.2462.2461-.58.3844-.9281.3844h-15c-.3481 0-.68194-.1383-.92808-.3844-.24614-.2462-.38442-.58-.38442-.9281v-5.25c0-.1492.05926-.2923.16475-.3977.10549-.1055.24857-.1648.39775-.1648s.29226.0593.39775.1648c.10549.1054.16475.2485.16475.3977v5.25c0 .0497.01975.0974.05492.1326.03516.0351.08285.0549.13258.0549h15c.0497 0 .0974-.0198.1326-.0549.0351-.0352.0549-.0829.0549-.1326v-5.25c0-.1492.0593-.2923.1648-.3977.1054-.1055.2485-.1648.3977-.1648s.2923.0593.3977.1648c.1055.1054.1648.2485.1648.3977zm-9.21.3975c.1055.1053.2484.1645.3975.1645s.292-.0592.3975-.1645l3.75-3.75c.0994-.1066.1535-.2477.1509-.3934s-.0616-.2848-.1647-.3878c-.103-.1031-.2421-.16211-.3878-.16468s-.2868.05148-.3934.15088l-2.79 2.7891v-9.1416c0-.14918-.0593-.29226-.1648-.39775-.1054-.10549-.2485-.16475-.3977-.16475s-.2923.05926-.3977.16475c-.1055.10549-.1648.24857-.1648.39775v9.1416l-2.79-2.7891c-.10663-.0994-.24767-.15345-.39339-.15088-.14573.00257-.28477.06158-.38783.16468-.10306.103-.16209.2421-.16466.3878s.05152.2868.15088.3934z" fill="#fff"/></svg>
"
      xmlns="http://www.w3.org/2000/svg"
    >
      <RNSVGGroup
        fill={
          {
            "payload": 4294967295,
            "type": 0,
          }
        }
        propList={
          [
            "fill",
          ]
        }
      >
        <RNSVGPath
          d="m20.8125 14.25v5.25c0 .3481-.1383.6819-.3844.9281-.2462.2461-.58.3844-.9281.3844h-15c-.3481 0-.68194-.1383-.92808-.3844-.24614-.2462-.38442-.58-.38442-.9281v-5.25c0-.1492.05926-.2923.16475-.3977.10549-.1055.24857-.1648.39775-.1648s.29226.0593.39775.1648c.10549.1054.16475.2485.16475.3977v5.25c0 .0497.01975.0974.05492.1326.03516.0351.08285.0549.13258.0549h15c.0497 0 .0974-.0198.1326-.0549.0351-.0352.0549-.0829.0549-.1326v-5.25c0-.1492.0593-.2923.1648-.3977.1054-.1055.2485-.1648.3977-.1648s.2923.0593.3977.1648c.1055.1054.1648.2485.1648.3977zm-9.21.3975c.1055.1053.2484.1645.3975.1645s.292-.0592.3975-.1645l3.75-3.75c.0994-.1066.1535-.2477.1509-.3934s-.0616-.2848-.1647-.3878c-.103-.1031-.2421-.16211-.3878-.16468s-.2868.05148-.3934.15088l-2.79 2.7891v-9.1416c0-.14918-.0593-.29226-.1648-.39775-.1054-.10549-.2485-.16475-.3977-.16475s-.2923.05926-.3977.16475c-.1055.10549-.1648.24857-.1648.39775v9.1416l-2.79-2.7891c-.10663-.0994-.24767-.15345-.39339-.15088-.14573.00257-.28477.06158-.38783.16468-.10306.103-.16209.2421-.16466.3878s.05152.2868.15088.3934z"
          fill={
            {
              "payload": 4294967295,
              "type": 0,
            }
          }
          propList={
            [
              "fill",
            ]
          }
        />
      </RNSVGGroup>
    </RNSVGSvgView>
    <Text
      style={
        {
          "color": "#F7F8FA",
          "fontFamily": "OpenSans-SemiBold",
          "fontSize": 12,
          "includeFontPadding": false,
          "paddingHorizontal": 4,
          "textAlign": "center",
          "writingDirection": "ltr",
        }
      }
    >
      500 KB/s
    </Text>
  </View>
  <View
    style={
      {
        "flexDirection": "row",
      }
    }
  >
    <RNSVGSvgView
      align="xMidYMid"
      bbHeight={16}
      bbWidth={16}
      color="white"
      fill="white"
      focusable={false}
      height={16}
      meetOrSlice={0}
      minX={0}
      minY={0}
      style={
        [
          {
            "backgroundColor": "transparent",
            "borderWidth": 0,
          },
          {
            "marginRight": 4,
          },
          {
            "flex": 0,
            "height": 16,
            "width": 16,
          },
        ]
      }
      testID="svg-icon-upload"
      tintColor="white"
      vbHeight={24}
      vbWidth={24}
      width={16}
      xml="<svg fill="currentColor" height="24" viewBox="0 0 24 24" width="24" xmlns="http://www.w3.org/2000/svg"><path d="m20.8125 14.25v5.25c0 .3481-.1383.6819-.3844.9281-.2462.2461-.58.3844-.9281.3844h-15c-.3481 0-.68194-.1383-.92808-.3844-.24614-.2462-.38442-.58-.38442-.9281v-5.25c0-.1492.05926-.2923.16475-.3978.10549-.1054.24857-.1647.39775-.1647s.29226.0593.39775.1647c.10549.1055.16475.2486.16475.3978v5.25c0 .0497.01975.0974.05492.1326.03516.0351.08285.0549.13258.0549h15c.0497 0 .0974-.0198.1326-.0549.0351-.0352.0549-.0829.0549-.1326v-5.25c0-.1492.0593-.2923.1648-.3978.1054-.1054.2485-.1647.3977-.1647s.2923.0593.3977.1647c.1055.1055.1648.2486.1648.3978zm-12.165-6.35251 2.79-2.78906v9.14157c0 .1492.0593.2923.1648.3977.1054.1055.2485.1648.3977.1648s.2923-.0593.3977-.1648c.1055-.1054.1648-.2485.1648-.3977v-9.14157l2.79 2.78906c.1066.09936.2477.15346.3934.15088.1457-.00257.2848-.0616.3878-.16466.1031-.10306.1621-.2421.1647-.38783.0026-.14572-.0515-.28676-.1509-.39339l-3.75-3.75c-.1055-.10533-.2484-.1645-.3975-.1645s-.292.05917-.3975.1645l-3.75 3.75c-.09936.10663-.15345.24767-.15088.39339.00257.14573.0616.28477.16466.38783s.2421.16209.38783.16466c.14572.00258.28676-.05152.39339-.15088z" fill="#fff"/></svg>
"
      xmlns="http://www.w3.org/2000/svg"
    >
      <RNSVGGroup
        fill={
          {
            "payload": 4294967295,
            "type": 0,
          }
        }
        propList={
          [
            "fill",
          ]
        }
      >
        <RNSVGPath
          d="m20.8125 14.25v5.25c0 .3481-.1383.6819-.3844.9281-.2462.2461-.58.3844-.9281.3844h-15c-.3481 0-.68194-.1383-.92808-.3844-.24614-.2462-.38442-.58-.38442-.9281v-5.25c0-.1492.05926-.2923.16475-.3978.10549-.1054.24857-.1647.39775-.1647s.29226.0593.39775.1647c.10549.1055.16475.2486.16475.3978v5.25c0 .0497.01975.0974.05492.1326.03516.0351.08285.0549.13258.0549h15c.0497 0 .0974-.0198.1326-.0549.0351-.0352.0549-.0829.0549-.1326v-5.25c0-.1492.0593-.2923.1648-.3978.1054-.1054.2485-.1647.3977-.1647s.2923.0593.3977.1647c.1055.1055.1648.2486.1648.3978zm-12.165-6.35251 2.79-2.78906v9.14157c0 .1492.0593.2923.1648.3977.1054.1055.2485.1648.3977.1648s.2923-.0593.3977-.1648c.1055-.1054.1648-.2485.1648-.3977v-9.14157l2.79 2.78906c.1066.09936.2477.15346.3934.15088.1457-.00257.2848-.0616.3878-.16466.1031-.10306.1621-.2421.1647-.38783.0026-.14572-.0515-.28676-.1509-.39339l-3.75-3.75c-.1055-.10533-.2484-.1645-.3975-.1645s-.292.05917-.3975.1645l-3.75 3.75c-.09936.10663-.15345.24767-.15088.39339.00257.14573.0616.28477.16466.38783s.2421.16209.38783.16466c.14572.00258.28676-.05152.39339-.15088z"
          fill={
            {
              "payload": 4294967295,
              "type": 0,
            }
          }
          propList={
            [
              "fill",
            ]
          }
        />
      </RNSVGGroup>
    </RNSVGSvgView>
    <Text
      style={
        {
          "color": "#F7F8FA",
          "fontFamily": "OpenSans-SemiBold",
          "fontSize": 12,
          "includeFontPadding": false,
          "paddingHorizontal": 4,
          "textAlign": "center",
          "writingDirection": "ltr",
        }
      }
    >
      200 KB/s
    </Text>
  </View>
  <View
    style={
      {
        "flexDirection": "row",
      }
    }
  >
    <RNSVGSvgView
      align="xMidYMid"
      bbHeight={16}
      bbWidth={16}
      color="white"
      fill="white"
      focusable={false}
      height={16}
      meetOrSlice={0}
      minX={0}
      minY={0}
      style={
        [
          {
            "backgroundColor": "transparent",
            "borderWidth": 0,
          },
          {
            "marginRight": 4,
          },
          {
            "flex": 0,
            "height": 16,
            "width": 16,
          },
        ]
      }
      testID="svg-icon-usersThree"
      tintColor="white"
      vbHeight={24}
      vbWidth={24}
      width={16}
      xml="<svg xmlns="http://www.w3.org/2000/svg" width="24" height="24" viewBox="0 0 24 24" fill="currentColor"><path d="M22.838 13.95a.56.56 0 0 1-.788-.112A5.02 5.02 0 0 0 18 11.813a.563.563 0 0 1 0-1.126 2.437 2.437 0 1 0-2.36-3.046.563.563 0 0 1-1.09-.282 3.563 3.563 0 1 1 5.617 3.716 6.16 6.16 0 0 1 2.783 2.088.56.56 0 0 1-.113.787m-5.101 6.019a.562.562 0 1 1-.974.563 5.532 5.532 0 0 0-9.527 0 .564.564 0 0 1-1.054-.352.6.6 0 0 1 .08-.21 6.57 6.57 0 0 1 3.394-2.856 4.313 4.313 0 1 1 4.697 0 6.57 6.57 0 0 1 3.384 2.855M12 16.687a3.187 3.187 0 1 0 0-6.374 3.187 3.187 0 0 0 0 6.374M6.563 11.25A.56.56 0 0 0 6 10.688 2.437 2.437 0 1 1 8.36 7.64a.562.562 0 1 0 1.09-.282 3.562 3.562 0 1 0-5.617 3.716 6.16 6.16 0 0 0-2.783 2.089.562.562 0 1 0 .9.675A5.02 5.02 0 0 1 6 11.813a.563.563 0 0 0 .563-.563"/></svg>
"
      xmlns="http://www.w3.org/2000/svg"
    >
      <RNSVGGroup
        fill={
          {
            "payload": 4294967295,
            "type": 0,
          }
        }
        propList={
          [
            "fill",
          ]
        }
      >
        <RNSVGPath
          d="M22.838 13.95a.56.56 0 0 1-.788-.112A5.02 5.02 0 0 0 18 11.813a.563.563 0 0 1 0-1.126 2.437 2.437 0 1 0-2.36-3.046.563.563 0 0 1-1.09-.282 3.563 3.563 0 1 1 5.617 3.716 6.16 6.16 0 0 1 2.783 2.088.56.56 0 0 1-.113.787m-5.101 6.019a.562.562 0 1 1-.974.563 5.532 5.532 0 0 0-9.527 0 .564.564 0 0 1-1.054-.352.6.6 0 0 1 .08-.21 6.57 6.57 0 0 1 3.394-2.856 4.313 4.313 0 1 1 4.697 0 6.57 6.57 0 0 1 3.384 2.855M12 16.687a3.187 3.187 0 1 0 0-6.374 3.187 3.187 0 0 0 0 6.374M6.563 11.25A.56.56 0 0 0 6 10.688 2.437 2.437 0 1 1 8.36 7.64a.562.562 0 1 0 1.09-.282 3.562 3.562 0 1 0-5.617 3.716 6.16 6.16 0 0 0-2.783 2.089.562.562 0 1 0 .9.675A5.02 5.02 0 0 1 6 11.813a.563.563 0 0 0 .563-.563"
          fill={
            {
              "payload": 4278190080,
              "type": 0,
            }
          }
        />
      </RNSVGGroup>
    </RNSVGSvgView>
    <Text
      style={
        {
          "color": "#F7F8FA",
          "fontFamily": "OpenSans-SemiBold",
          "fontSize": 12,
          "includeFontPadding": false,
          "paddingHorizontal": 4,
          "textAlign": "center",
          "writingDirection": "ltr",
        }
      }
    >
      5
    </Text>
  </View>
</View>
`;
