// Jest Snapshot v1, https://goo.gl/fbAQLP

exports[`DMRequests render correctly 1`] = `
<View
  accessibilityLabel="lobby_dm"
  accessibilityRole="button"
  accessibilityState={
    {
      "busy": undefined,
      "checked": undefined,
      "disabled": undefined,
      "expanded": undefined,
      "selected": undefined,
    }
  }
  accessibilityValue={
    {
      "max": undefined,
      "min": undefined,
      "now": undefined,
      "text": undefined,
    }
  }
  accessible={true}
  collapsable={false}
  focusable={true}
  onBlur={[Function]}
  onClick={[Function]}
  onFocus={[Function]}
  onResponderGrant={[Function]}
  onResponderMove={[Function]}
  onResponderRelease={[Function]}
  onResponderTerminate={[Function]}
  onResponderTerminationRequest={[Function]}
  onStartShouldSetResponder={[Function]}
  style={
    [
      {
        "opacity": 1,
      },
      {
        "alignItems": "center",
        "borderBottomWidth": 1,
        "borderColor": "#222430",
        "flexDirection": "row",
        "paddingHorizontal": 16,
        "paddingVertical": 8,
      },
    ]
  }
  testID="lobby_dm"
>
  <RNSVGSvgView
    align="xMidYMid"
    bbHeight={20}
    bbWidth={20}
    color="transparent"
    fill="transparent"
    focusable={false}
    height={20}
    meetOrSlice={0}
    minX={0}
    minY={0}
    style={
      [
        {
          "backgroundColor": "transparent",
          "borderWidth": 0,
        },
        {},
        {
          "flex": 0,
          "height": 20,
          "width": 20,
        },
      ]
    }
    testID="svg-icon-chats"
    tintColor="transparent"
    vbHeight={20}
    vbWidth={20}
    width={20}
    xml="<svg fill="currentColor" height="20" viewBox="0 0 20 20" width="20" xmlns="http://www.w3.org/2000/svg"><path d="m18.1075 14.6349c.4408-.896.6604-1.8846.6406-2.883s-.2786-1.97744-.7546-2.85525c-.476-.8778-1.1554-1.62878-1.9813-2.19003s-1.7743-.91644-2.7657-1.03581c-.3288-.76647-.8076-1.45938-1.4084-2.0379-.6007-.57853-1.3112-1.03097-2.08945-1.33067-.77831-.2997-1.60872-.4406-2.44232-.41439s-1.65352.21899-2.41146.56699-1.43857.84417-2.00178 1.45929-.99761 1.33674-1.27761 2.12234c-.28.78561-.39994 1.61931-.35274 2.45198.0472.83268.26057 1.64745.62755 2.39645l-.59844 2.0953c-.0534.1874-.05574.3858-.00677.5744.04896.1887.14745.3608.28527.4986.13782.1379.30997.2364.49863.2853.18866.049.38698.0466.57443-.0068l2.09532-.5984c.63227.3104 1.31239.512 2.01171.5961.33336.781.82238 1.4859 1.4372 2.0716.61483.5858 1.34257 1.0401 2.13886 1.3352.7962.2952 1.6442.425 2.4923.3815s1.6784-.2594 2.4402-.6344l2.0953.5984c.1875.0534.3858.0558.5745.0068.1886-.0489.3608-.1474.4986-.2853.1378-.1378.2363-.3099.2853-.4986.049-.1886.0466-.387-.0068-.5744zm-13.30159-2.1953c-.05808 0-.1159.0078-.17187.0234l-2.06328.5898.58984-2.0632c.04421-.1572.02514-.3255-.05312-.4688-.57468-1.05505-.74993-2.28185-.49363-3.45561.25629-1.17375.92697-2.21585 1.88912-2.93532.96216-.71948 2.15135-1.06816 3.34968-.98214s2.32555.60098 3.17505 1.4505c.8495.84953 1.3645 1.97673 1.4505 3.17506s-.2626 2.38751-.9821 3.34971c-.7195.9621-1.7616 1.6328-2.93535 1.8891-1.17376.2563-2.40056.081-3.45562-.4936-.09147-.0512-.19441-.0783-.29922-.0789zm12.03129 2.3.5898 2.0632-2.0633-.5898c-.1572-.0442-.3254-.0251-.4687.0531-1.1521.6268-2.5043.7763-3.7655.4163-1.26117-.36-2.33065-1.2007-2.97827-2.3413.85582-.0891 1.68399-.3541 2.43257-.7785.7485-.4243 1.4013-.9987 1.9174-1.6872.516-.6886.8842-1.4763 1.0815-2.31384.1972-.83754.2192-1.7068.0646-2.55325.7489.17649 1.447.52346 2.0399 1.01387.5929.49042 1.0646 1.11105 1.3784 1.81359.3139.70253.4613 1.46803.4309 2.23683-.0304.7689-.2379 1.5203-.6062 2.1959-.0789.1439-.098.3131-.0531.4711z" fill="#fff"/></svg>
"
    xmlns="http://www.w3.org/2000/svg"
  >
    <RNSVGGroup
      fill={
        {
          "payload": 0,
          "type": 0,
        }
      }
      propList={
        [
          "fill",
        ]
      }
    >
      <RNSVGPath
        d="m18.1075 14.6349c.4408-.896.6604-1.8846.6406-2.883s-.2786-1.97744-.7546-2.85525c-.476-.8778-1.1554-1.62878-1.9813-2.19003s-1.7743-.91644-2.7657-1.03581c-.3288-.76647-.8076-1.45938-1.4084-2.0379-.6007-.57853-1.3112-1.03097-2.08945-1.33067-.77831-.2997-1.60872-.4406-2.44232-.41439s-1.65352.21899-2.41146.56699-1.43857.84417-2.00178 1.45929-.99761 1.33674-1.27761 2.12234c-.28.78561-.39994 1.61931-.35274 2.45198.0472.83268.26057 1.64745.62755 2.39645l-.59844 2.0953c-.0534.1874-.05574.3858-.00677.5744.04896.1887.14745.3608.28527.4986.13782.1379.30997.2364.49863.2853.18866.049.38698.0466.57443-.0068l2.09532-.5984c.63227.3104 1.31239.512 2.01171.5961.33336.781.82238 1.4859 1.4372 2.0716.61483.5858 1.34257 1.0401 2.13886 1.3352.7962.2952 1.6442.425 2.4923.3815s1.6784-.2594 2.4402-.6344l2.0953.5984c.1875.0534.3858.0558.5745.0068.1886-.0489.3608-.1474.4986-.2853.1378-.1378.2363-.3099.2853-.4986.049-.1886.0466-.387-.0068-.5744zm-13.30159-2.1953c-.05808 0-.1159.0078-.17187.0234l-2.06328.5898.58984-2.0632c.04421-.1572.02514-.3255-.05312-.4688-.57468-1.05505-.74993-2.28185-.49363-3.45561.25629-1.17375.92697-2.21585 1.88912-2.93532.96216-.71948 2.15135-1.06816 3.34968-.98214s2.32555.60098 3.17505 1.4505c.8495.84953 1.3645 1.97673 1.4505 3.17506s-.2626 2.38751-.9821 3.34971c-.7195.9621-1.7616 1.6328-2.93535 1.8891-1.17376.2563-2.40056.081-3.45562-.4936-.09147-.0512-.19441-.0783-.29922-.0789zm12.03129 2.3.5898 2.0632-2.0633-.5898c-.1572-.0442-.3254-.0251-.4687.0531-1.1521.6268-2.5043.7763-3.7655.4163-1.26117-.36-2.33065-1.2007-2.97827-2.3413.85582-.0891 1.68399-.3541 2.43257-.7785.7485-.4243 1.4013-.9987 1.9174-1.6872.516-.6886.8842-1.4763 1.0815-2.31384.1972-.83754.2192-1.7068.0646-2.55325.7489.17649 1.447.52346 2.0399 1.01387.5929.49042 1.0646 1.11105 1.3784 1.81359.3139.70253.4613 1.46803.4309 2.23683-.0304.7689-.2379 1.5203-.6062 2.1959-.0789.1439-.098.3131-.0531.4711z"
        fill={
          {
            "payload": 4294967295,
            "type": 0,
          }
        }
        propList={
          [
            "fill",
          ]
        }
      />
    </RNSVGGroup>
  </RNSVGSvgView>
  <Text
    style={
      {
        "color": "#ffffff",
        "flex": 1,
        "fontFamily": "OpenSans-Regular",
        "fontSize": 14,
        "includeFontPadding": false,
        "marginLeft": 8,
        "writingDirection": "ltr",
      }
    }
  >
    DM requests
  </Text>
  <View
    style={
      {
        "backgroundColor": "#CE3B3B",
        "borderRadius": 16,
        "paddingHorizontal": 8,
        "paddingVertical": 2,
      }
    }
  >
    <Text
      style={
        {
          "color": "#26D2E8",
          "fontFamily": "OpenSans-Regular",
          "fontSize": 14,
          "includeFontPadding": false,
          "writingDirection": "ltr",
        }
      }
    >
      2
    </Text>
  </View>
  <RNSVGSvgView
    align="xMidYMid"
    bbHeight={24}
    bbWidth={24}
    color="#A0A8B8"
    fill="#A0A8B8"
    focusable={false}
    height={24}
    meetOrSlice={0}
    minX={0}
    minY={0}
    style={
      [
        {
          "backgroundColor": "transparent",
          "borderWidth": 0,
        },
        {},
        {
          "flex": 0,
          "height": 24,
          "width": 24,
        },
      ]
    }
    testID="svg-icon-chevronRight"
    tintColor="#A0A8B8"
    vbHeight={24}
    vbWidth={24}
    width={24}
    xml="<svg fill="currentColor" height="24" viewBox="0 0 24 24" width="24" xmlns="http://www.w3.org/2000/svg"><path d="m17.031 12.531-7.49996 7.5c-.06968.0697-.15241.125-.24345.1627-.09105.0377-.18863.0571-.28717.0571-.09855 0-.19613-.0194-.28718-.0571-.09104-.0377-.17377-.093-.24345-.1627-.06968-.0696-.12496-.1524-.16267-.2434-.03771-.0911-.05712-.1886-.05712-.2872 0-.0985.01941-.1961.05712-.2872.03771-.091.09299-.1737.16267-.2434l6.97031-6.9694-6.97031-6.96936c-.14073-.14073-.21979-.3316-.21979-.53062 0-.19903.07906-.3899.21979-.53063s.3316-.21979.53063-.21979c.19902 0 .38989.07906.53062.21979l7.49996 7.50001c.0698.0696.1251.1524.1628.2434.0378.0911.0572.1887.0572.2872 0 .0986-.0194.1962-.0572.2872-.0377.0911-.093.1738-.1628.2434z"/></svg>
"
    xmlns="http://www.w3.org/2000/svg"
  >
    <RNSVGGroup
      fill={
        {
          "payload": 4288719032,
          "type": 0,
        }
      }
      propList={
        [
          "fill",
        ]
      }
    >
      <RNSVGPath
        d="m17.031 12.531-7.49996 7.5c-.06968.0697-.15241.125-.24345.1627-.09105.0377-.18863.0571-.28717.0571-.09855 0-.19613-.0194-.28718-.0571-.09104-.0377-.17377-.093-.24345-.1627-.06968-.0696-.12496-.1524-.16267-.2434-.03771-.0911-.05712-.1886-.05712-.2872 0-.0985.01941-.1961.05712-.2872.03771-.091.09299-.1737.16267-.2434l6.97031-6.9694-6.97031-6.96936c-.14073-.14073-.21979-.3316-.21979-.53062 0-.19903.07906-.3899.21979-.53063s.3316-.21979.53063-.21979c.19902 0 .38989.07906.53062.21979l7.49996 7.50001c.0698.0696.1251.1524.1628.2434.0378.0911.0572.1887.0572.2872 0 .0986-.0194.1962-.0572.2872-.0377.0911-.093.1738-.1628.2434z"
        fill={
          {
            "payload": 4278190080,
            "type": 0,
          }
        }
      />
    </RNSVGGroup>
  </RNSVGSvgView>
</View>
`;
