// Jest Snapshot v1, https://goo.gl/fbAQLP

exports[`RoomListFilter render correctly with empty search text 1`] = `
<View
  style={
    [
      {
        "flex": 1,
      },
      {
        "alignItems": "center",
        "justifyContent": "center",
      },
    ]
  }
>
  <View
    style={
      {
        "height": "auto",
      }
    }
  >
    <RNSVGSvgView
      bbHeight={116}
      bbWidth={220}
      color="transparent"
      fill="transparent"
      focusable={false}
      height={116}
      style={
        [
          {
            "backgroundColor": "transparent",
            "borderWidth": 0,
          },
          {},
          {
            "flex": 0,
            "height": 116,
            "width": 220,
          },
        ]
      }
      testID="svg-icon-astronaut"
      tintColor="transparent"
      width={220}
      xml="<svg xmlns="http://www.w3.org/2000/svg" width="220" height="126" fill="none"><g opacity=".5"><path fill="#323A4C" d="M90 59.5h1.625c3.125 7.125 10.125 12 18.375 12 8.125 0 15.125-4.875 18.25-12H130c1 0 2-.875 2-2v-12c0-1-1-2-2-2h-1.75c-3.125-7-10.125-12-18.25-12-8.25 0-15.25 5-18.375 12H90c-1.125 0-2 1-2 2v12c0 1.125.875 2 2 2m5-11c0-2.75 2.625-5 6-5h18c3.25 0 6 2.25 6 5v3c0 6.625-5.375 12-12 12h-6c-6.625 0-12-5.375-12-12zM124 71a23.97 23.97 0 0 1-14 4.5c-5.25 0-10.125-1.625-14.125-4.5A21.66 21.66 0 0 0 82 91.25a4.215 4.215 0 0 0 4.25 4.25H98v-8c0-2.125 1.75-4 4-4h16c2.125 0 4 1.875 4 4v8h11.625C136 95.5 138 93.625 138 91.25c0-9.25-5.875-17.125-14-20.25m-8 16.5c-1.125 0-2 1-2 2 0 1.125.875 2 2 2 1 0 2-.875 2-2 0-1-1-2-2-2"/><path fill="#95E6CB" d="M119 43.5h-18c-3.375 0-6 2.25-6 5v3c0 6.625 5.375 12 12 12h6c6.625 0 12-5.375 12-12v-3c0-2.75-2.75-5-6-5M108.5 52l-3 1-1.125 3.125c-.125.5-.75.5-.875 0l-1-3.125-3.125-1c-.5-.125-.5-.75 0-.875L102.5 50l1-3c.125-.5.75-.5.875 0l1.125 3 3 1.125c.5.125.5.75 0 .875m9.5 31.5h-16c-2.25 0-4 1.875-4 4v8h4v-6c0-1 .875-2 2-2 1 0 2 1 2 2v6h16v-8c0-2.125-1.875-4-4-4m-2 8c-1.125 0-2-.875-2-2 0-1 .875-2 2-2 1 0 2 1 2 2 0 1.125-1 2-2 2"/><path fill="#FFE07A" d="m49.57 22.516 1.172.492.469 1.172c.047.047.094.093.14.093.07 0 .118-.046.141-.093l.492-1.172 1.172-.492q.07-.035.07-.141 0-.07-.07-.14l-1.172-.47-.492-1.171c-.023-.047-.07-.094-.117-.094a.16.16 0 0 0-.14.094l-.493 1.172-1.172.492q-.07.035-.07.14a.13.13 0 0 0 .07.118m2.461 4.265-2.46-.375-1.102-2.226a.536.536 0 0 0-.961 0l-1.102 2.226-2.46.375c-.446.047-.61.61-.282.914l1.758 1.735-.399 2.46c-.07.422.399.774.797.563L48 31.281l2.203 1.172a.54.54 0 0 0 .563-.047c.14-.117.257-.328.21-.515l-.421-2.461 1.78-1.735c.306-.304.142-.867-.304-.914m3.399-1.125-.938-.398-.398-.914c-.024-.047-.047-.07-.094-.07a.13.13 0 0 0-.117.07l-.399.914-.914.398c-.047.024-.093.07-.093.117s.046.07.093.094l.914.399.399.937c.023.024.047.07.094.07.046 0 .093-.046.117-.07l.398-.937.914-.399c.047-.023.094-.07.094-.117s-.047-.07-.07-.094m129.14 45.86 1.172.492.469 1.172c.047.047.094.093.141.093.07 0 .117-.046.14-.093l.492-1.172 1.172-.492q.07-.035.071-.141 0-.07-.071-.14l-1.172-.47-.492-1.171c-.023-.047-.07-.094-.117-.094-.07 0-.117.047-.141.094l-.492 1.172-1.172.492q-.07.035-.07.14a.13.13 0 0 0 .07.118m2.461 4.265-2.461-.375-1.101-2.226c-.188-.399-.774-.399-.961 0l-1.102 2.226-2.461.375c-.445.047-.609.61-.281.914l1.758 1.735-.399 2.46c-.07.422.399.774.797.563l2.18-1.172 2.203 1.172c.188.094.399.07.563-.047.14-.117.257-.328.211-.515l-.422-2.461 1.781-1.735c.305-.304.141-.867-.305-.914m3.399-1.125-.938-.398-.398-.914c-.024-.047-.047-.07-.094-.07a.13.13 0 0 0-.117.07l-.399.914-.914.398c-.047.024-.093.07-.093.117s.046.07.093.094l.914.399.399.937c.023.024.047.07.094.07.046 0 .093-.046.117-.07l.398-.937.914-.399c.047-.023.094-.07.094-.117s-.047-.07-.07-.094M67.453 108.359l2.234.329a.51.51 0 0 1 .407.343.46.46 0 0 1-.125.5l-1.625 1.61.39 2.281a.49.49 0 0 1-.203.484.5.5 0 0 1-.531.047l-2-1.078-2.016 1.078c-.156.078-.375.078-.515-.047a.49.49 0 0 1-.203-.484l.375-2.281-1.625-1.61a.46.46 0 0 1-.125-.5.51.51 0 0 1 .406-.343l2.25-.329 1-2.078A.49.49 0 0 1 66 106a.48.48 0 0 1 .438.281zm89-85.999 2.235.328a.51.51 0 0 1 .406.343.47.47 0 0 1-.125.5l-1.625 1.61.39 2.28a.49.49 0 0 1-.203.485.5.5 0 0 1-.531.047l-2-1.078-2.016 1.078c-.156.078-.375.078-.515-.047a.49.49 0 0 1-.203-.484l.375-2.281-1.625-1.61a.46.46 0 0 1-.125-.5.51.51 0 0 1 .406-.343l2.25-.329 1-2.078A.49.49 0 0 1 155 20c.188 0 .359.11.438.281l1.015 2.078Zm-3 78.999 2.235.329a.51.51 0 0 1 .406.343.47.47 0 0 1-.125.5l-1.625 1.61.39 2.281a.49.49 0 0 1-.203.484.5.5 0 0 1-.531.047l-2-1.078-2.016 1.078c-.156.078-.375.078-.515-.047a.49.49 0 0 1-.203-.484l.375-2.281-1.625-1.61a.46.46 0 0 1-.125-.5.51.51 0 0 1 .406-.343l2.25-.329 1-2.078A.49.49 0 0 1 152 99c.188 0 .359.11.438.281zm-62-89.999 2.234.328a.51.51 0 0 1 .407.343.46.46 0 0 1-.125.5l-1.625 1.61.39 2.28a.49.49 0 0 1-.203.485.5.5 0 0 1-.531.047l-2-1.078-2.016 1.078c-.156.078-.375.078-.515-.047a.49.49 0 0 1-.203-.484l.375-2.281-1.625-1.61a.46.46 0 0 1-.125-.5.51.51 0 0 1 .406-.344l2.25-.328 1-2.078A.49.49 0 0 1 90 9c.188 0 .36.11.438.281zm-56 82 2.234.328a.51.51 0 0 1 .407.343.46.46 0 0 1-.125.5l-1.625 1.61.39 2.28a.49.49 0 0 1-.203.485.5.5 0 0 1-.531.047l-2-1.078-2.016 1.078c-.156.078-.375.078-.515-.047a.49.49 0 0 1-.203-.484l.375-2.281-1.625-1.61a.46.46 0 0 1-.125-.5.51.51 0 0 1 .406-.344l2.25-.328 1-2.078A.49.49 0 0 1 34 91c.188 0 .36.11.438.281z"/><path fill="#E5ADFF" d="M62.266 67.734c-.54-.562-2.063 0-3.914 1.266a4.92 4.92 0 0 0-5.32 1.055 4.92 4.92 0 0 0-1.055 5.32c-1.266 1.852-1.829 3.375-1.266 3.914.867.89 4.172-1.008 7.36-4.195 3.187-3.211 5.085-6.492 4.195-7.36m-3.657 7.899c-.89.89-1.968 1.851-3.07 2.672a4.89 4.89 0 0 0 4.406-1.36 4.81 4.81 0 0 0 1.313-4.382 27.5 27.5 0 0 1-2.649 3.07"/><path fill="#3BA4E1" d="M166.5 45c-1.125 0-2 .906-2 2 0 1.125.875 2 2 2 1.094 0 2-.906 2-2 0-1.063-.906-2-2-2m-9 2c-3.875 0-7 3.156-7 7 0 3.875 3.125 7 7 7 3.844 0 7-3.125 7-7 0-3.844-3.156-7-7-7m3 8.531c0 .313-.094.625-.219.907L159 58.968a.86.86 0 0 1-.656.47c-.094.03-.188.03-.313.062-.125 0-.281-.031-.375-.125A.5.5 0 0 1 157.5 59v-2c-.562 0-1-.438-1-1v-1l-1.719-1.688a1.02 1.02 0 0 0-.719-.312h-.781c-.656 0-1.062-.656-.812-1.25.875-1.906 2.781-3.25 5.031-3.25h.125c.469.031.875.438.875.906 0 .407-.125.782-.344 1.125l-1.562 1.782c-.344.406-.313 1 .062 1.374.219.22.5.313.813.313h2.031c.531 0 1 .469 1 1z"/></g></svg>"
      xmlns="http://www.w3.org/2000/svg"
    >
      <RNSVGGroup
        fill={
          {
            "payload": 0,
            "type": 0,
          }
        }
        propList={
          [
            "fill",
          ]
        }
      >
        <RNSVGGroup
          fill={
            {
              "payload": 4278190080,
              "type": 0,
            }
          }
          opacity={0.5}
        >
          <RNSVGPath
            d="M90 59.5h1.625c3.125 7.125 10.125 12 18.375 12 8.125 0 15.125-4.875 18.25-12H130c1 0 2-.875 2-2v-12c0-1-1-2-2-2h-1.75c-3.125-7-10.125-12-18.25-12-8.25 0-15.25 5-18.375 12H90c-1.125 0-2 1-2 2v12c0 1.125.875 2 2 2m5-11c0-2.75 2.625-5 6-5h18c3.25 0 6 2.25 6 5v3c0 6.625-5.375 12-12 12h-6c-6.625 0-12-5.375-12-12zM124 71a23.97 23.97 0 0 1-14 4.5c-5.25 0-10.125-1.625-14.125-4.5A21.66 21.66 0 0 0 82 91.25a4.215 4.215 0 0 0 4.25 4.25H98v-8c0-2.125 1.75-4 4-4h16c2.125 0 4 1.875 4 4v8h11.625C136 95.5 138 93.625 138 91.25c0-9.25-5.875-17.125-14-20.25m-8 16.5c-1.125 0-2 1-2 2 0 1.125.875 2 2 2 1 0 2-.875 2-2 0-1-1-2-2-2"
            fill={
              {
                "payload": 4281481804,
                "type": 0,
              }
            }
            propList={
              [
                "fill",
              ]
            }
          />
          <RNSVGPath
            d="M119 43.5h-18c-3.375 0-6 2.25-6 5v3c0 6.625 5.375 12 12 12h6c6.625 0 12-5.375 12-12v-3c0-2.75-2.75-5-6-5M108.5 52l-3 1-1.125 3.125c-.125.5-.75.5-.875 0l-1-3.125-3.125-1c-.5-.125-.5-.75 0-.875L102.5 50l1-3c.125-.5.75-.5.875 0l1.125 3 3 1.125c.5.125.5.75 0 .875m9.5 31.5h-16c-2.25 0-4 1.875-4 4v8h4v-6c0-1 .875-2 2-2 1 0 2 1 2 2v6h16v-8c0-2.125-1.875-4-4-4m-2 8c-1.125 0-2-.875-2-2 0-1 .875-2 2-2 1 0 2 1 2 2 0 1.125-1 2-2 2"
            fill={
              {
                "payload": 4288014027,
                "type": 0,
              }
            }
            propList={
              [
                "fill",
              ]
            }
          />
          <RNSVGPath
            d="m49.57 22.516 1.172.492.469 1.172c.047.047.094.093.14.093.07 0 .118-.046.141-.093l.492-1.172 1.172-.492q.07-.035.07-.141 0-.07-.07-.14l-1.172-.47-.492-1.171c-.023-.047-.07-.094-.117-.094a.16.16 0 0 0-.14.094l-.493 1.172-1.172.492q-.07.035-.07.14a.13.13 0 0 0 .07.118m2.461 4.265-2.46-.375-1.102-2.226a.536.536 0 0 0-.961 0l-1.102 2.226-2.46.375c-.446.047-.61.61-.282.914l1.758 1.735-.399 2.46c-.07.422.399.774.797.563L48 31.281l2.203 1.172a.54.54 0 0 0 .563-.047c.14-.117.257-.328.21-.515l-.421-2.461 1.78-1.735c.306-.304.142-.867-.304-.914m3.399-1.125-.938-.398-.398-.914c-.024-.047-.047-.07-.094-.07a.13.13 0 0 0-.117.07l-.399.914-.914.398c-.047.024-.093.07-.093.117s.046.07.093.094l.914.399.399.937c.023.024.047.07.094.07.046 0 .093-.046.117-.07l.398-.937.914-.399c.047-.023.094-.07.094-.117s-.047-.07-.07-.094m129.14 45.86 1.172.492.469 1.172c.047.047.094.093.141.093.07 0 .117-.046.14-.093l.492-1.172 1.172-.492q.07-.035.071-.141 0-.07-.071-.14l-1.172-.47-.492-1.171c-.023-.047-.07-.094-.117-.094-.07 0-.117.047-.141.094l-.492 1.172-1.172.492q-.07.035-.07.14a.13.13 0 0 0 .07.118m2.461 4.265-2.461-.375-1.101-2.226c-.188-.399-.774-.399-.961 0l-1.102 2.226-2.461.375c-.445.047-.609.61-.281.914l1.758 1.735-.399 2.46c-.07.422.399.774.797.563l2.18-1.172 2.203 1.172c.188.094.399.07.563-.047.14-.117.257-.328.211-.515l-.422-2.461 1.781-1.735c.305-.304.141-.867-.305-.914m3.399-1.125-.938-.398-.398-.914c-.024-.047-.047-.07-.094-.07a.13.13 0 0 0-.117.07l-.399.914-.914.398c-.047.024-.093.07-.093.117s.046.07.093.094l.914.399.399.937c.023.024.047.07.094.07.046 0 .093-.046.117-.07l.398-.937.914-.399c.047-.023.094-.07.094-.117s-.047-.07-.07-.094M67.453 108.359l2.234.329a.51.51 0 0 1 .407.343.46.46 0 0 1-.125.5l-1.625 1.61.39 2.281a.49.49 0 0 1-.203.484.5.5 0 0 1-.531.047l-2-1.078-2.016 1.078c-.156.078-.375.078-.515-.047a.49.49 0 0 1-.203-.484l.375-2.281-1.625-1.61a.46.46 0 0 1-.125-.5.51.51 0 0 1 .406-.343l2.25-.329 1-2.078A.49.49 0 0 1 66 106a.48.48 0 0 1 .438.281zm89-85.999 2.235.328a.51.51 0 0 1 .406.343.47.47 0 0 1-.125.5l-1.625 1.61.39 2.28a.49.49 0 0 1-.203.485.5.5 0 0 1-.531.047l-2-1.078-2.016 1.078c-.156.078-.375.078-.515-.047a.49.49 0 0 1-.203-.484l.375-2.281-1.625-1.61a.46.46 0 0 1-.125-.5.51.51 0 0 1 .406-.343l2.25-.329 1-2.078A.49.49 0 0 1 155 20c.188 0 .359.11.438.281l1.015 2.078Zm-3 78.999 2.235.329a.51.51 0 0 1 .406.343.47.47 0 0 1-.125.5l-1.625 1.61.39 2.281a.49.49 0 0 1-.203.484.5.5 0 0 1-.531.047l-2-1.078-2.016 1.078c-.156.078-.375.078-.515-.047a.49.49 0 0 1-.203-.484l.375-2.281-1.625-1.61a.46.46 0 0 1-.125-.5.51.51 0 0 1 .406-.343l2.25-.329 1-2.078A.49.49 0 0 1 152 99c.188 0 .359.11.438.281zm-62-89.999 2.234.328a.51.51 0 0 1 .407.343.46.46 0 0 1-.125.5l-1.625 1.61.39 2.28a.49.49 0 0 1-.203.485.5.5 0 0 1-.531.047l-2-1.078-2.016 1.078c-.156.078-.375.078-.515-.047a.49.49 0 0 1-.203-.484l.375-2.281-1.625-1.61a.46.46 0 0 1-.125-.5.51.51 0 0 1 .406-.344l2.25-.328 1-2.078A.49.49 0 0 1 90 9c.188 0 .36.11.438.281zm-56 82 2.234.328a.51.51 0 0 1 .407.343.46.46 0 0 1-.125.5l-1.625 1.61.39 2.28a.49.49 0 0 1-.203.485.5.5 0 0 1-.531.047l-2-1.078-2.016 1.078c-.156.078-.375.078-.515-.047a.49.49 0 0 1-.203-.484l.375-2.281-1.625-1.61a.46.46 0 0 1-.125-.5.51.51 0 0 1 .406-.344l2.25-.328 1-2.078A.49.49 0 0 1 34 91c.188 0 .36.11.438.281z"
            fill={
              {
                "payload": 4294959226,
                "type": 0,
              }
            }
            propList={
              [
                "fill",
              ]
            }
          />
          <RNSVGPath
            d="M62.266 67.734c-.54-.562-2.063 0-3.914 1.266a4.92 4.92 0 0 0-5.32 1.055 4.92 4.92 0 0 0-1.055 5.32c-1.266 1.852-1.829 3.375-1.266 3.914.867.89 4.172-1.008 7.36-4.195 3.187-3.211 5.085-6.492 4.195-7.36m-3.657 7.899c-.89.89-1.968 1.851-3.07 2.672a4.89 4.89 0 0 0 4.406-1.36 4.81 4.81 0 0 0 1.313-4.382 27.5 27.5 0 0 1-2.649 3.07"
            fill={
              {
                "payload": 4293242367,
                "type": 0,
              }
            }
            propList={
              [
                "fill",
              ]
            }
          />
          <RNSVGPath
            d="M166.5 45c-1.125 0-2 .906-2 2 0 1.125.875 2 2 2 1.094 0 2-.906 2-2 0-1.063-.906-2-2-2m-9 2c-3.875 0-7 3.156-7 7 0 3.875 3.125 7 7 7 3.844 0 7-3.125 7-7 0-3.844-3.156-7-7-7m3 8.531c0 .313-.094.625-.219.907L159 58.968a.86.86 0 0 1-.656.47c-.094.03-.188.03-.313.062-.125 0-.281-.031-.375-.125A.5.5 0 0 1 157.5 59v-2c-.562 0-1-.438-1-1v-1l-1.719-1.688a1.02 1.02 0 0 0-.719-.312h-.781c-.656 0-1.062-.656-.812-1.25.875-1.906 2.781-3.25 5.031-3.25h.125c.469.031.875.438.875.906 0 .407-.125.782-.344 1.125l-1.562 1.782c-.344.406-.313 1 .062 1.374.219.22.5.313.813.313h2.031c.531 0 1 .469 1 1z"
            fill={
              {
                "payload": 4282098913,
                "type": 0,
              }
            }
            propList={
              [
                "fill",
              ]
            }
          />
        </RNSVGGroup>
      </RNSVGGroup>
    </RNSVGSvgView>
    <Text
      style={
        {
          "color": "#ffffff",
          "fontFamily": "OpenSans-Bold",
          "fontSize": 16,
          "includeFontPadding": false,
          "marginTop": 16,
          "textAlign": "center",
        }
      }
    >
      No rooms to join yet?
    </Text>
    <View
      accessibilityState={
        {
          "busy": undefined,
          "checked": undefined,
          "disabled": undefined,
          "expanded": undefined,
          "selected": undefined,
        }
      }
      accessibilityValue={
        {
          "max": undefined,
          "min": undefined,
          "now": undefined,
          "text": undefined,
        }
      }
      accessible={true}
      collapsable={false}
      focusable={true}
      onBlur={[Function]}
      onClick={[Function]}
      onFocus={[Function]}
      onResponderGrant={[Function]}
      onResponderMove={[Function]}
      onResponderRelease={[Function]}
      onResponderTerminate={[Function]}
      onResponderTerminationRequest={[Function]}
      onStartShouldSetResponder={[Function]}
    >
      <Text
        style={
          {
            "alignSelf": "center",
            "color": "#26D2E8",
            "fontFamily": "OpenSans-Regular",
            "fontSize": 16,
            "includeFontPadding": false,
            "marginTop": 8,
            "maxWidth": "80%",
            "textAlign": "center",
          }
        }
      >
        Discover Communities
      </Text>
    </View>
  </View>
</View>
`;

exports[`RoomListFilter render correctly with search text 1`] = `
<View
  style={
    [
      {
        "flex": 1,
      },
      {
        "alignItems": "center",
        "justifyContent": "center",
      },
    ]
  }
>
  <View
    style={
      {
        "height": "auto",
      }
    }
  >
    <RNSVGSvgView
      bbHeight={116}
      bbWidth={220}
      color="transparent"
      fill="transparent"
      focusable={false}
      height={116}
      style={
        [
          {
            "backgroundColor": "transparent",
            "borderWidth": 0,
          },
          {},
          {
            "flex": 0,
            "height": 116,
            "width": 220,
          },
        ]
      }
      testID="svg-icon-astronaut"
      tintColor="transparent"
      width={220}
      xml="<svg xmlns="http://www.w3.org/2000/svg" width="220" height="126" fill="none"><g opacity=".5"><path fill="#323A4C" d="M90 59.5h1.625c3.125 7.125 10.125 12 18.375 12 8.125 0 15.125-4.875 18.25-12H130c1 0 2-.875 2-2v-12c0-1-1-2-2-2h-1.75c-3.125-7-10.125-12-18.25-12-8.25 0-15.25 5-18.375 12H90c-1.125 0-2 1-2 2v12c0 1.125.875 2 2 2m5-11c0-2.75 2.625-5 6-5h18c3.25 0 6 2.25 6 5v3c0 6.625-5.375 12-12 12h-6c-6.625 0-12-5.375-12-12zM124 71a23.97 23.97 0 0 1-14 4.5c-5.25 0-10.125-1.625-14.125-4.5A21.66 21.66 0 0 0 82 91.25a4.215 4.215 0 0 0 4.25 4.25H98v-8c0-2.125 1.75-4 4-4h16c2.125 0 4 1.875 4 4v8h11.625C136 95.5 138 93.625 138 91.25c0-9.25-5.875-17.125-14-20.25m-8 16.5c-1.125 0-2 1-2 2 0 1.125.875 2 2 2 1 0 2-.875 2-2 0-1-1-2-2-2"/><path fill="#95E6CB" d="M119 43.5h-18c-3.375 0-6 2.25-6 5v3c0 6.625 5.375 12 12 12h6c6.625 0 12-5.375 12-12v-3c0-2.75-2.75-5-6-5M108.5 52l-3 1-1.125 3.125c-.125.5-.75.5-.875 0l-1-3.125-3.125-1c-.5-.125-.5-.75 0-.875L102.5 50l1-3c.125-.5.75-.5.875 0l1.125 3 3 1.125c.5.125.5.75 0 .875m9.5 31.5h-16c-2.25 0-4 1.875-4 4v8h4v-6c0-1 .875-2 2-2 1 0 2 1 2 2v6h16v-8c0-2.125-1.875-4-4-4m-2 8c-1.125 0-2-.875-2-2 0-1 .875-2 2-2 1 0 2 1 2 2 0 1.125-1 2-2 2"/><path fill="#FFE07A" d="m49.57 22.516 1.172.492.469 1.172c.047.047.094.093.14.093.07 0 .118-.046.141-.093l.492-1.172 1.172-.492q.07-.035.07-.141 0-.07-.07-.14l-1.172-.47-.492-1.171c-.023-.047-.07-.094-.117-.094a.16.16 0 0 0-.14.094l-.493 1.172-1.172.492q-.07.035-.07.14a.13.13 0 0 0 .07.118m2.461 4.265-2.46-.375-1.102-2.226a.536.536 0 0 0-.961 0l-1.102 2.226-2.46.375c-.446.047-.61.61-.282.914l1.758 1.735-.399 2.46c-.07.422.399.774.797.563L48 31.281l2.203 1.172a.54.54 0 0 0 .563-.047c.14-.117.257-.328.21-.515l-.421-2.461 1.78-1.735c.306-.304.142-.867-.304-.914m3.399-1.125-.938-.398-.398-.914c-.024-.047-.047-.07-.094-.07a.13.13 0 0 0-.117.07l-.399.914-.914.398c-.047.024-.093.07-.093.117s.046.07.093.094l.914.399.399.937c.023.024.047.07.094.07.046 0 .093-.046.117-.07l.398-.937.914-.399c.047-.023.094-.07.094-.117s-.047-.07-.07-.094m129.14 45.86 1.172.492.469 1.172c.047.047.094.093.141.093.07 0 .117-.046.14-.093l.492-1.172 1.172-.492q.07-.035.071-.141 0-.07-.071-.14l-1.172-.47-.492-1.171c-.023-.047-.07-.094-.117-.094-.07 0-.117.047-.141.094l-.492 1.172-1.172.492q-.07.035-.07.14a.13.13 0 0 0 .07.118m2.461 4.265-2.461-.375-1.101-2.226c-.188-.399-.774-.399-.961 0l-1.102 2.226-2.461.375c-.445.047-.609.61-.281.914l1.758 1.735-.399 2.46c-.07.422.399.774.797.563l2.18-1.172 2.203 1.172c.188.094.399.07.563-.047.14-.117.257-.328.211-.515l-.422-2.461 1.781-1.735c.305-.304.141-.867-.305-.914m3.399-1.125-.938-.398-.398-.914c-.024-.047-.047-.07-.094-.07a.13.13 0 0 0-.117.07l-.399.914-.914.398c-.047.024-.093.07-.093.117s.046.07.093.094l.914.399.399.937c.023.024.047.07.094.07.046 0 .093-.046.117-.07l.398-.937.914-.399c.047-.023.094-.07.094-.117s-.047-.07-.07-.094M67.453 108.359l2.234.329a.51.51 0 0 1 .407.343.46.46 0 0 1-.125.5l-1.625 1.61.39 2.281a.49.49 0 0 1-.203.484.5.5 0 0 1-.531.047l-2-1.078-2.016 1.078c-.156.078-.375.078-.515-.047a.49.49 0 0 1-.203-.484l.375-2.281-1.625-1.61a.46.46 0 0 1-.125-.5.51.51 0 0 1 .406-.343l2.25-.329 1-2.078A.49.49 0 0 1 66 106a.48.48 0 0 1 .438.281zm89-85.999 2.235.328a.51.51 0 0 1 .406.343.47.47 0 0 1-.125.5l-1.625 1.61.39 2.28a.49.49 0 0 1-.203.485.5.5 0 0 1-.531.047l-2-1.078-2.016 1.078c-.156.078-.375.078-.515-.047a.49.49 0 0 1-.203-.484l.375-2.281-1.625-1.61a.46.46 0 0 1-.125-.5.51.51 0 0 1 .406-.343l2.25-.329 1-2.078A.49.49 0 0 1 155 20c.188 0 .359.11.438.281l1.015 2.078Zm-3 78.999 2.235.329a.51.51 0 0 1 .406.343.47.47 0 0 1-.125.5l-1.625 1.61.39 2.281a.49.49 0 0 1-.203.484.5.5 0 0 1-.531.047l-2-1.078-2.016 1.078c-.156.078-.375.078-.515-.047a.49.49 0 0 1-.203-.484l.375-2.281-1.625-1.61a.46.46 0 0 1-.125-.5.51.51 0 0 1 .406-.343l2.25-.329 1-2.078A.49.49 0 0 1 152 99c.188 0 .359.11.438.281zm-62-89.999 2.234.328a.51.51 0 0 1 .407.343.46.46 0 0 1-.125.5l-1.625 1.61.39 2.28a.49.49 0 0 1-.203.485.5.5 0 0 1-.531.047l-2-1.078-2.016 1.078c-.156.078-.375.078-.515-.047a.49.49 0 0 1-.203-.484l.375-2.281-1.625-1.61a.46.46 0 0 1-.125-.5.51.51 0 0 1 .406-.344l2.25-.328 1-2.078A.49.49 0 0 1 90 9c.188 0 .36.11.438.281zm-56 82 2.234.328a.51.51 0 0 1 .407.343.46.46 0 0 1-.125.5l-1.625 1.61.39 2.28a.49.49 0 0 1-.203.485.5.5 0 0 1-.531.047l-2-1.078-2.016 1.078c-.156.078-.375.078-.515-.047a.49.49 0 0 1-.203-.484l.375-2.281-1.625-1.61a.46.46 0 0 1-.125-.5.51.51 0 0 1 .406-.344l2.25-.328 1-2.078A.49.49 0 0 1 34 91c.188 0 .36.11.438.281z"/><path fill="#E5ADFF" d="M62.266 67.734c-.54-.562-2.063 0-3.914 1.266a4.92 4.92 0 0 0-5.32 1.055 4.92 4.92 0 0 0-1.055 5.32c-1.266 1.852-1.829 3.375-1.266 3.914.867.89 4.172-1.008 7.36-4.195 3.187-3.211 5.085-6.492 4.195-7.36m-3.657 7.899c-.89.89-1.968 1.851-3.07 2.672a4.89 4.89 0 0 0 4.406-1.36 4.81 4.81 0 0 0 1.313-4.382 27.5 27.5 0 0 1-2.649 3.07"/><path fill="#3BA4E1" d="M166.5 45c-1.125 0-2 .906-2 2 0 1.125.875 2 2 2 1.094 0 2-.906 2-2 0-1.063-.906-2-2-2m-9 2c-3.875 0-7 3.156-7 7 0 3.875 3.125 7 7 7 3.844 0 7-3.125 7-7 0-3.844-3.156-7-7-7m3 8.531c0 .313-.094.625-.219.907L159 58.968a.86.86 0 0 1-.656.47c-.094.03-.188.03-.313.062-.125 0-.281-.031-.375-.125A.5.5 0 0 1 157.5 59v-2c-.562 0-1-.438-1-1v-1l-1.719-1.688a1.02 1.02 0 0 0-.719-.312h-.781c-.656 0-1.062-.656-.812-1.25.875-1.906 2.781-3.25 5.031-3.25h.125c.469.031.875.438.875.906 0 .407-.125.782-.344 1.125l-1.562 1.782c-.344.406-.313 1 .062 1.374.219.22.5.313.813.313h2.031c.531 0 1 .469 1 1z"/></g></svg>"
      xmlns="http://www.w3.org/2000/svg"
    >
      <RNSVGGroup
        fill={
          {
            "payload": 0,
            "type": 0,
          }
        }
        propList={
          [
            "fill",
          ]
        }
      >
        <RNSVGGroup
          fill={
            {
              "payload": 4278190080,
              "type": 0,
            }
          }
          opacity={0.5}
        >
          <RNSVGPath
            d="M90 59.5h1.625c3.125 7.125 10.125 12 18.375 12 8.125 0 15.125-4.875 18.25-12H130c1 0 2-.875 2-2v-12c0-1-1-2-2-2h-1.75c-3.125-7-10.125-12-18.25-12-8.25 0-15.25 5-18.375 12H90c-1.125 0-2 1-2 2v12c0 1.125.875 2 2 2m5-11c0-2.75 2.625-5 6-5h18c3.25 0 6 2.25 6 5v3c0 6.625-5.375 12-12 12h-6c-6.625 0-12-5.375-12-12zM124 71a23.97 23.97 0 0 1-14 4.5c-5.25 0-10.125-1.625-14.125-4.5A21.66 21.66 0 0 0 82 91.25a4.215 4.215 0 0 0 4.25 4.25H98v-8c0-2.125 1.75-4 4-4h16c2.125 0 4 1.875 4 4v8h11.625C136 95.5 138 93.625 138 91.25c0-9.25-5.875-17.125-14-20.25m-8 16.5c-1.125 0-2 1-2 2 0 1.125.875 2 2 2 1 0 2-.875 2-2 0-1-1-2-2-2"
            fill={
              {
                "payload": 4281481804,
                "type": 0,
              }
            }
            propList={
              [
                "fill",
              ]
            }
          />
          <RNSVGPath
            d="M119 43.5h-18c-3.375 0-6 2.25-6 5v3c0 6.625 5.375 12 12 12h6c6.625 0 12-5.375 12-12v-3c0-2.75-2.75-5-6-5M108.5 52l-3 1-1.125 3.125c-.125.5-.75.5-.875 0l-1-3.125-3.125-1c-.5-.125-.5-.75 0-.875L102.5 50l1-3c.125-.5.75-.5.875 0l1.125 3 3 1.125c.5.125.5.75 0 .875m9.5 31.5h-16c-2.25 0-4 1.875-4 4v8h4v-6c0-1 .875-2 2-2 1 0 2 1 2 2v6h16v-8c0-2.125-1.875-4-4-4m-2 8c-1.125 0-2-.875-2-2 0-1 .875-2 2-2 1 0 2 1 2 2 0 1.125-1 2-2 2"
            fill={
              {
                "payload": 4288014027,
                "type": 0,
              }
            }
            propList={
              [
                "fill",
              ]
            }
          />
          <RNSVGPath
            d="m49.57 22.516 1.172.492.469 1.172c.047.047.094.093.14.093.07 0 .118-.046.141-.093l.492-1.172 1.172-.492q.07-.035.07-.141 0-.07-.07-.14l-1.172-.47-.492-1.171c-.023-.047-.07-.094-.117-.094a.16.16 0 0 0-.14.094l-.493 1.172-1.172.492q-.07.035-.07.14a.13.13 0 0 0 .07.118m2.461 4.265-2.46-.375-1.102-2.226a.536.536 0 0 0-.961 0l-1.102 2.226-2.46.375c-.446.047-.61.61-.282.914l1.758 1.735-.399 2.46c-.07.422.399.774.797.563L48 31.281l2.203 1.172a.54.54 0 0 0 .563-.047c.14-.117.257-.328.21-.515l-.421-2.461 1.78-1.735c.306-.304.142-.867-.304-.914m3.399-1.125-.938-.398-.398-.914c-.024-.047-.047-.07-.094-.07a.13.13 0 0 0-.117.07l-.399.914-.914.398c-.047.024-.093.07-.093.117s.046.07.093.094l.914.399.399.937c.023.024.047.07.094.07.046 0 .093-.046.117-.07l.398-.937.914-.399c.047-.023.094-.07.094-.117s-.047-.07-.07-.094m129.14 45.86 1.172.492.469 1.172c.047.047.094.093.141.093.07 0 .117-.046.14-.093l.492-1.172 1.172-.492q.07-.035.071-.141 0-.07-.071-.14l-1.172-.47-.492-1.171c-.023-.047-.07-.094-.117-.094-.07 0-.117.047-.141.094l-.492 1.172-1.172.492q-.07.035-.07.14a.13.13 0 0 0 .07.118m2.461 4.265-2.461-.375-1.101-2.226c-.188-.399-.774-.399-.961 0l-1.102 2.226-2.461.375c-.445.047-.609.61-.281.914l1.758 1.735-.399 2.46c-.07.422.399.774.797.563l2.18-1.172 2.203 1.172c.188.094.399.07.563-.047.14-.117.257-.328.211-.515l-.422-2.461 1.781-1.735c.305-.304.141-.867-.305-.914m3.399-1.125-.938-.398-.398-.914c-.024-.047-.047-.07-.094-.07a.13.13 0 0 0-.117.07l-.399.914-.914.398c-.047.024-.093.07-.093.117s.046.07.093.094l.914.399.399.937c.023.024.047.07.094.07.046 0 .093-.046.117-.07l.398-.937.914-.399c.047-.023.094-.07.094-.117s-.047-.07-.07-.094M67.453 108.359l2.234.329a.51.51 0 0 1 .407.343.46.46 0 0 1-.125.5l-1.625 1.61.39 2.281a.49.49 0 0 1-.203.484.5.5 0 0 1-.531.047l-2-1.078-2.016 1.078c-.156.078-.375.078-.515-.047a.49.49 0 0 1-.203-.484l.375-2.281-1.625-1.61a.46.46 0 0 1-.125-.5.51.51 0 0 1 .406-.343l2.25-.329 1-2.078A.49.49 0 0 1 66 106a.48.48 0 0 1 .438.281zm89-85.999 2.235.328a.51.51 0 0 1 .406.343.47.47 0 0 1-.125.5l-1.625 1.61.39 2.28a.49.49 0 0 1-.203.485.5.5 0 0 1-.531.047l-2-1.078-2.016 1.078c-.156.078-.375.078-.515-.047a.49.49 0 0 1-.203-.484l.375-2.281-1.625-1.61a.46.46 0 0 1-.125-.5.51.51 0 0 1 .406-.343l2.25-.329 1-2.078A.49.49 0 0 1 155 20c.188 0 .359.11.438.281l1.015 2.078Zm-3 78.999 2.235.329a.51.51 0 0 1 .406.343.47.47 0 0 1-.125.5l-1.625 1.61.39 2.281a.49.49 0 0 1-.203.484.5.5 0 0 1-.531.047l-2-1.078-2.016 1.078c-.156.078-.375.078-.515-.047a.49.49 0 0 1-.203-.484l.375-2.281-1.625-1.61a.46.46 0 0 1-.125-.5.51.51 0 0 1 .406-.343l2.25-.329 1-2.078A.49.49 0 0 1 152 99c.188 0 .359.11.438.281zm-62-89.999 2.234.328a.51.51 0 0 1 .407.343.46.46 0 0 1-.125.5l-1.625 1.61.39 2.28a.49.49 0 0 1-.203.485.5.5 0 0 1-.531.047l-2-1.078-2.016 1.078c-.156.078-.375.078-.515-.047a.49.49 0 0 1-.203-.484l.375-2.281-1.625-1.61a.46.46 0 0 1-.125-.5.51.51 0 0 1 .406-.344l2.25-.328 1-2.078A.49.49 0 0 1 90 9c.188 0 .36.11.438.281zm-56 82 2.234.328a.51.51 0 0 1 .407.343.46.46 0 0 1-.125.5l-1.625 1.61.39 2.28a.49.49 0 0 1-.203.485.5.5 0 0 1-.531.047l-2-1.078-2.016 1.078c-.156.078-.375.078-.515-.047a.49.49 0 0 1-.203-.484l.375-2.281-1.625-1.61a.46.46 0 0 1-.125-.5.51.51 0 0 1 .406-.344l2.25-.328 1-2.078A.49.49 0 0 1 34 91c.188 0 .36.11.438.281z"
            fill={
              {
                "payload": 4294959226,
                "type": 0,
              }
            }
            propList={
              [
                "fill",
              ]
            }
          />
          <RNSVGPath
            d="M62.266 67.734c-.54-.562-2.063 0-3.914 1.266a4.92 4.92 0 0 0-5.32 1.055 4.92 4.92 0 0 0-1.055 5.32c-1.266 1.852-1.829 3.375-1.266 3.914.867.89 4.172-1.008 7.36-4.195 3.187-3.211 5.085-6.492 4.195-7.36m-3.657 7.899c-.89.89-1.968 1.851-3.07 2.672a4.89 4.89 0 0 0 4.406-1.36 4.81 4.81 0 0 0 1.313-4.382 27.5 27.5 0 0 1-2.649 3.07"
            fill={
              {
                "payload": 4293242367,
                "type": 0,
              }
            }
            propList={
              [
                "fill",
              ]
            }
          />
          <RNSVGPath
            d="M166.5 45c-1.125 0-2 .906-2 2 0 1.125.875 2 2 2 1.094 0 2-.906 2-2 0-1.063-.906-2-2-2m-9 2c-3.875 0-7 3.156-7 7 0 3.875 3.125 7 7 7 3.844 0 7-3.125 7-7 0-3.844-3.156-7-7-7m3 8.531c0 .313-.094.625-.219.907L159 58.968a.86.86 0 0 1-.656.47c-.094.03-.188.03-.313.062-.125 0-.281-.031-.375-.125A.5.5 0 0 1 157.5 59v-2c-.562 0-1-.438-1-1v-1l-1.719-1.688a1.02 1.02 0 0 0-.719-.312h-.781c-.656 0-1.062-.656-.812-1.25.875-1.906 2.781-3.25 5.031-3.25h.125c.469.031.875.438.875.906 0 .407-.125.782-.344 1.125l-1.562 1.782c-.344.406-.313 1 .062 1.374.219.22.5.313.813.313h2.031c.531 0 1 .469 1 1z"
            fill={
              {
                "payload": 4282098913,
                "type": 0,
              }
            }
            propList={
              [
                "fill",
              ]
            }
          />
        </RNSVGGroup>
      </RNSVGGroup>
    </RNSVGSvgView>
    <Text
      style={
        {
          "color": "#ffffff",
          "fontFamily": "OpenSans-Bold",
          "fontSize": 16,
          "includeFontPadding": false,
          "marginTop": 16,
          "textAlign": "center",
        }
      }
    >
      No rooms to join yet?
    </Text>
    <View
      accessibilityState={
        {
          "busy": undefined,
          "checked": undefined,
          "disabled": undefined,
          "expanded": undefined,
          "selected": undefined,
        }
      }
      accessibilityValue={
        {
          "max": undefined,
          "min": undefined,
          "now": undefined,
          "text": undefined,
        }
      }
      accessible={true}
      collapsable={false}
      focusable={true}
      onBlur={[Function]}
      onClick={[Function]}
      onFocus={[Function]}
      onResponderGrant={[Function]}
      onResponderMove={[Function]}
      onResponderRelease={[Function]}
      onResponderTerminate={[Function]}
      onResponderTerminationRequest={[Function]}
      onStartShouldSetResponder={[Function]}
    >
      <Text
        style={
          {
            "alignSelf": "center",
            "color": "#26D2E8",
            "fontFamily": "OpenSans-Regular",
            "fontSize": 16,
            "includeFontPadding": false,
            "marginTop": 8,
            "maxWidth": "80%",
            "textAlign": "center",
          }
        }
      >
        Discover Communities
      </Text>
    </View>
  </View>
</View>
`;
